[     401ms] [WARNING] Alpine Warning: x-for templates require a single root element, additional elements will be ignored. JSHandle@node @ http://localhost:8080/vendor/alpinejs-3.15.11.min.js:4
[     402ms] [WARNING] Alpine Warning: x-for templates require a single root element, additional elements will be ignored. JSHandle@node @ http://localhost:8080/vendor/alpinejs-3.15.11.min.js:4
[     402ms] [WARNING] Alpine Warning: x-for templates require a single root element, additional elements will be ignored. JSHandle@node @ http://localhost:8080/vendor/alpinejs-3.15.11.min.js:4
[     402ms] [WARNING] Alpine Warning: x-for templates require a single root element, additional elements will be ignored. JSHandle@node @ http://localhost:8080/vendor/alpinejs-3.15.11.min.js:4
[     402ms] [WARNING] Alpine Warning: x-for templates require a single root element, additional elements will be ignored. JSHandle@node @ http://localhost:8080/vendor/alpinejs-3.15.11.min.js:4
[  205361ms] [WARNING] Alpine Warning: x-for templates require a single root element, additional elements will be ignored. JSHandle@node @ http://localhost:8080/vendor/alpinejs-3.15.11.min.js:4
[  205361ms] [WARNING] Alpine Warning: x-for templates require a single root element, additional elements will be ignored. JSHandle@node @ http://localhost:8080/vendor/alpinejs-3.15.11.min.js:4
[  205361ms] [WARNING] Alpine Warning: x-for templates require a single root element, additional elements will be ignored. JSHandle@node @ http://localhost:8080/vendor/alpinejs-3.15.11.min.js:4
[  205361ms] [WARNING] Alpine Warning: x-for templates require a single root element, additional elements will be ignored. JSHandle@node @ http://localhost:8080/vendor/alpinejs-3.15.11.min.js:4
[  205361ms] [WARNING] Alpine Warning: x-for templates require a single root element, additional elements will be ignored. JSHandle@node @ http://localhost:8080/vendor/alpinejs-3.15.11.min.js:4
[  208494ms] [WARNING] Alpine Warning: x-for templates require a single root element, additional elements will be ignored. JSHandle@node @ http://localhost:8080/vendor/alpinejs-3.15.11.min.js:4
[  362020ms] [WARNING] Alpine Warning: x-for templates require a single root element, additional elements will be ignored. JSHandle@node @ http://localhost:8080/vendor/alpinejs-3.15.11.min.js:4
[  362021ms] [WARNING] Alpine Warning: x-for templates require a single root element, additional elements will be ignored. JSHandle@node @ http://localhost:8080/vendor/alpinejs-3.15.11.min.js:4
[  362021ms] [WARNING] Alpine Warning: x-for templates require a single root element, additional elements will be ignored. JSHandle@node @ http://localhost:8080/vendor/alpinejs-3.15.11.min.js:4
[  362021ms] [WARNING] Alpine Warning: x-for templates require a single root element, additional elements will be ignored. JSHandle@node @ http://localhost:8080/vendor/alpinejs-3.15.11.min.js:4
[  362021ms] [WARNING] Alpine Warning: x-for templates require a single root element, additional elements will be ignored. JSHandle@node @ http://localhost:8080/vendor/alpinejs-3.15.11.min.js:4
[  364488ms] [WARNING] Alpine Warning: x-for templates require a single root element, additional elements will be ignored. JSHandle@node @ http://localhost:8080/vendor/alpinejs-3.15.11.min.js:4
[  401517ms] [WARNING] Alpine Warning: x-for templates require a single root element, additional elements will be ignored. JSHandle@node @ http://localhost:8080/vendor/alpinejs-3.15.11.min.js:4
[  401517ms] [WARNING] Alpine Warning: x-for templates require a single root element, additional elements will be ignored. JSHandle@node @ http://localhost:8080/vendor/alpinejs-3.15.11.min.js:4
[  401517ms] [WARNING] Alpine Warning: x-for templates require a single root element, additional elements will be ignored. JSHandle@node @ http://localhost:8080/vendor/alpinejs-3.15.11.min.js:4
[  401517ms] [WARNING] Alpine Warning: x-for templates require a single root element, additional elements will be ignored. JSHandle@node @ http://localhost:8080/vendor/alpinejs-3.15.11.min.js:4
[  401518ms] [WARNING] Alpine Warning: x-for templates require a single root element, additional elements will be ignored. JSHandle@node @ http://localhost:8080/vendor/alpinejs-3.15.11.min.js:4
[  403799ms] [WARNING] Alpine Warning: x-for templates require a single root element, additional elements will be ignored. JSHandle@node @ http://localhost:8080/vendor/alpinejs-3.15.11.min.js:4
[  589403ms] [WARNING] Alpine Warning: x-for templates require a single root element, additional elements will be ignored. JSHandle@node @ http://localhost:8080/vendor/alpinejs-3.15.11.min.js:4
[  589405ms] [WARNING] Alpine Warning: x-for templates require a single root element, additional elements will be ignored. JSHandle@node @ http://localhost:8080/vendor/alpinejs-3.15.11.min.js:4
[  589405ms] [WARNING] Alpine Warning: x-for templates require a single root element, additional elements will be ignored. JSHandle@node @ http://localhost:8080/vendor/alpinejs-3.15.11.min.js:4
[  589405ms] [WARNING] Alpine Warning: x-for templates require a single root element, additional elements will be ignored. JSHandle@node @ http://localhost:8080/vendor/alpinejs-3.15.11.min.js:4
[  593462ms] [WARNING] Alpine Warning: x-for templates require a single root element, additional elements will be ignored. JSHandle@node @ http://localhost:8080/vendor/alpinejs-3.15.11.min.js:4
[  593462ms] [WARNING] Alpine Warning: x-for templates require a single root element, additional elements will be ignored. JSHandle@node @ http://localhost:8080/vendor/alpinejs-3.15.11.min.js:4
[  593462ms] [WARNING] Alpine Warning: x-for templates require a single root element, additional elements will be ignored. JSHandle@node @ http://localhost:8080/vendor/alpinejs-3.15.11.min.js:4
[  593462ms] [WARNING] Alpine Warning: x-for templates require a single root element, additional elements will be ignored. JSHandle@node @ http://localhost:8080/vendor/alpinejs-3.15.11.min.js:4
[  871144ms] [WARNING] Alpine Warning: x-for templates require a single root element, additional elements will be ignored. JSHandle@node @ http://localhost:8080/vendor/alpinejs-3.15.11.min.js:4
[  871144ms] [WARNING] Alpine Warning: x-for templates require a single root element, additional elements will be ignored. JSHandle@node @ http://localhost:8080/vendor/alpinejs-3.15.11.min.js:4
[  871145ms] [WARNING] Alpine Warning: x-for templates require a single root element, additional elements will be ignored. JSHandle@node @ http://localhost:8080/vendor/alpinejs-3.15.11.min.js:4
[  871145ms] [WARNING] Alpine Warning: x-for templates require a single root element, additional elements will be ignored. JSHandle@node @ http://localhost:8080/vendor/alpinejs-3.15.11.min.js:4
[  871145ms] [WARNING] Alpine Warning: x-for templates require a single root element, additional elements will be ignored. JSHandle@node @ http://localhost:8080/vendor/alpinejs-3.15.11.min.js:4
[  872828ms] [WARNING] Alpine Warning: x-for templates require a single root element, additional elements will be ignored. JSHandle@node @ http://localhost:8080/vendor/alpinejs-3.15.11.min.js:4
[  909083ms] [ERROR] Failed to load resource: the server responded with a status of 404 (File not found) @ http://localhost:8080/favicon.ico:0
[  909289ms] [WARNING] Alpine Warning: x-for templates require a single root element, additional elements will be ignored. JSHandle@node @ http://localhost:8080/vendor/alpinejs-3.15.11.min.js:4
[  909290ms] [WARNING] Alpine Warning: x-for templates require a single root element, additional elements will be ignored. JSHandle@node @ http://localhost:8080/vendor/alpinejs-3.15.11.min.js:4
[  909290ms] [WARNING] Alpine Warning: x-for templates require a single root element, additional elements will be ignored. JSHandle@node @ http://localhost:8080/vendor/alpinejs-3.15.11.min.js:4
[  909290ms] [WARNING] Alpine Warning: x-for templates require a single root element, additional elements will be ignored. JSHandle@node @ http://localhost:8080/vendor/alpinejs-3.15.11.min.js:4
[  909290ms] [WARNING] Alpine Warning: x-for templates require a single root element, additional elements will be ignored. JSHandle@node @ http://localhost:8080/vendor/alpinejs-3.15.11.min.js:4
[  911186ms] [WARNING] Alpine Warning: x-for templates require a single root element, additional elements will be ignored. JSHandle@node @ http://localhost:8080/vendor/alpinejs-3.15.11.min.js:4
[ 1056496ms] [ERROR] Failed to load resource: the server responded with a status of 404 (File not found) @ http://localhost:8080/favicon.ico:0
[ 1056735ms] [WARNING] Alpine Warning: x-for templates require a single root element, additional elements will be ignored. JSHandle@node @ http://localhost:8080/vendor/alpinejs-3.15.11.min.js:4
[ 1056736ms] [WARNING] Alpine Warning: x-for templates require a single root element, additional elements will be ignored. JSHandle@node @ http://localhost:8080/vendor/alpinejs-3.15.11.min.js:4
[ 1056736ms] [WARNING] Alpine Warning: x-for templates require a single root element, additional elements will be ignored. JSHandle@node @ http://localhost:8080/vendor/alpinejs-3.15.11.min.js:4
[ 1056736ms] [WARNING] Alpine Warning: x-for templates require a single root element, additional elements will be ignored. JSHandle@node @ http://localhost:8080/vendor/alpinejs-3.15.11.min.js:4
[ 1056736ms] [WARNING] Alpine Warning: x-for templates require a single root element, additional elements will be ignored. JSHandle@node @ http://localhost:8080/vendor/alpinejs-3.15.11.min.js:4
[ 1058973ms] [WARNING] Alpine Warning: x-for templates require a single root element, additional elements will be ignored. JSHandle@node @ http://localhost:8080/vendor/alpinejs-3.15.11.min.js:4
[ 1153262ms] [WARNING] Alpine Warning: x-for templates require a single root element, additional elements will be ignored. JSHandle@node @ http://localhost:8080/vendor/alpinejs-3.15.11.min.js:4
[ 1153263ms] [WARNING] Alpine Warning: x-for templates require a single root element, additional elements will be ignored. JSHandle@node @ http://localhost:8080/vendor/alpinejs-3.15.11.min.js:4
[ 1177655ms] [WARNING] Alpine Warning: x-for templates require a single root element, additional elements will be ignored. JSHandle@node @ http://localhost:8080/vendor/alpinejs-3.15.11.min.js:4
[ 1179056ms] [WARNING] Alpine Warning: x-for templates require a single root element, additional elements will be ignored. JSHandle@node @ http://localhost:8080/vendor/alpinejs-3.15.11.min.js:4
[ 1180171ms] [WARNING] Alpine Warning: x-for templates require a single root element, additional elements will be ignored. JSHandle@node @ http://localhost:8080/vendor/alpinejs-3.15.11.min.js:4
[ 1180912ms] [WARNING] Alpine Warning: x-for templates require a single root element, additional elements will be ignored. JSHandle@node @ http://localhost:8080/vendor/alpinejs-3.15.11.min.js:4
[ 1339186ms] [WARNING] Alpine Warning: x-for templates require a single root element, additional elements will be ignored. JSHandle@node @ http://localhost:8080/vendor/alpinejs-3.15.11.min.js:4
[ 1339191ms] [WARNING] Alpine Warning: x-for templates require a single root element, additional elements will be ignored. JSHandle@node @ http://localhost:8080/vendor/alpinejs-3.15.11.min.js:4
[ 1339191ms] [WARNING] Alpine Warning: x-for templates require a single root element, additional elements will be ignored. JSHandle@node @ http://localhost:8080/vendor/alpinejs-3.15.11.min.js:4
[ 1339192ms] [WARNING] Alpine Warning: x-for templates require a single root element, additional elements will be ignored. JSHandle@node @ http://localhost:8080/vendor/alpinejs-3.15.11.min.js:4
[ 1341205ms] [WARNING] Alpine Warning: x-for templates require a single root element, additional elements will be ignored. JSHandle@node @ http://localhost:8080/vendor/alpinejs-3.15.11.min.js:4
[ 1341206ms] [WARNING] Alpine Warning: x-for templates require a single root element, additional elements will be ignored. JSHandle@node @ http://localhost:8080/vendor/alpinejs-3.15.11.min.js:4
[ 1347763ms] [WARNING] Alpine Warning: x-for templates require a single root element, additional elements will be ignored. JSHandle@node @ http://localhost:8080/vendor/alpinejs-3.15.11.min.js:4
[ 1352385ms] [WARNING] Alpine Warning: x-for templates require a single root element, additional elements will be ignored. JSHandle@node @ http://localhost:8080/vendor/alpinejs-3.15.11.min.js:4
[ 1353951ms] [WARNING] Alpine Warning: x-for templates require a single root element, additional elements will be ignored. JSHandle@node @ http://localhost:8080/vendor/alpinejs-3.15.11.min.js:4
[ 1353952ms] [WARNING] Alpine Warning: x-for templates require a single root element, additional elements will be ignored. JSHandle@node @ http://localhost:8080/vendor/alpinejs-3.15.11.min.js:4
[ 1355196ms] [WARNING] Alpine Warning: x-for templates require a single root element, additional elements will be ignored. JSHandle@node @ http://localhost:8080/vendor/alpinejs-3.15.11.min.js:4
[ 1355853ms] [WARNING] Alpine Warning: x-for templates require a single root element, additional elements will be ignored. JSHandle@node @ http://localhost:8080/vendor/alpinejs-3.15.11.min.js:4
[ 1355853ms] [WARNING] Alpine Warning: x-for templates require a single root element, additional elements will be ignored. JSHandle@node @ http://localhost:8080/vendor/alpinejs-3.15.11.min.js:4
[ 1359969ms] [WARNING] Alpine Warning: x-for templates require a single root element, additional elements will be ignored. JSHandle@node @ http://localhost:8080/vendor/alpinejs-3.15.11.min.js:4
[ 1362049ms] [WARNING] Alpine Warning: x-for templates require a single root element, additional elements will be ignored. JSHandle@node @ http://localhost:8080/vendor/alpinejs-3.15.11.min.js:4
[ 1704400ms] [WARNING] Alpine Warning: x-for templates require a single root element, additional elements will be ignored. JSHandle@node @ http://localhost:8080/vendor/alpinejs-3.15.11.min.js:4
[ 1704401ms] [WARNING] Alpine Warning: x-for templates require a single root element, additional elements will be ignored. JSHandle@node @ http://localhost:8080/vendor/alpinejs-3.15.11.min.js:4
[ 1704401ms] [WARNING] Alpine Warning: x-for templates require a single root element, additional elements will be ignored. JSHandle@node @ http://localhost:8080/vendor/alpinejs-3.15.11.min.js:4
[ 1704401ms] [WARNING] Alpine Warning: x-for templates require a single root element, additional elements will be ignored. JSHandle@node @ http://localhost:8080/vendor/alpinejs-3.15.11.min.js:4
[ 1704402ms] [WARNING] Alpine Warning: x-for templates require a single root element, additional elements will be ignored. JSHandle@node @ http://localhost:8080/vendor/alpinejs-3.15.11.min.js:4
[ 1707445ms] [WARNING] Alpine Warning: x-for templates require a single root element, additional elements will be ignored. JSHandle@node @ http://localhost:8080/vendor/alpinejs-3.15.11.min.js:4
[ 1709321ms] [WARNING] Alpine Warning: x-for templates require a single root element, additional elements will be ignored. JSHandle@node @ http://localhost:8080/vendor/alpinejs-3.15.11.min.js:4
[ 1714795ms] [WARNING] Alpine Warning: x-for templates require a single root element, additional elements will be ignored. JSHandle@node @ http://localhost:8080/vendor/alpinejs-3.15.11.min.js:4
[ 1719481ms] [WARNING] Alpine Warning: x-for templates require a single root element, additional elements will be ignored. JSHandle@node @ http://localhost:8080/vendor/alpinejs-3.15.11.min.js:4
[ 1721189ms] [WARNING] Alpine Warning: x-for templates require a single root element, additional elements will be ignored. JSHandle@node @ http://localhost:8080/vendor/alpinejs-3.15.11.min.js:4
[ 1722762ms] [WARNING] Alpine Warning: x-for templates require a single root element, additional elements will be ignored. JSHandle@node @ http://localhost:8080/vendor/alpinejs-3.15.11.min.js:4
[ 1725422ms] [WARNING] Alpine Warning: x-for templates require a single root element, additional elements will be ignored. JSHandle@node @ http://localhost:8080/vendor/alpinejs-3.15.11.min.js:4
[ 1726574ms] [WARNING] Alpine Warning: x-for templates require a single root element, additional elements will be ignored. JSHandle@node @ http://localhost:8080/vendor/alpinejs-3.15.11.min.js:4
[ 4474548ms] [WARNING] Alpine Warning: x-for templates require a single root element, additional elements will be ignored. JSHandle@node @ http://localhost:8080/vendor/alpinejs-3.15.11.min.js:4
[ 4474549ms] [WARNING] Alpine Warning: x-for templates require a single root element, additional elements will be ignored. JSHandle@node @ http://localhost:8080/vendor/alpinejs-3.15.11.min.js:4
[ 4474549ms] [WARNING] Alpine Warning: x-for templates require a single root element, additional elements will be ignored. JSHandle@node @ http://localhost:8080/vendor/alpinejs-3.15.11.min.js:4
[ 4474549ms] [WARNING] Alpine Warning: x-for templates require a single root element, additional elements will be ignored. JSHandle@node @ http://localhost:8080/vendor/alpinejs-3.15.11.min.js:4
[ 4474550ms] [WARNING] Alpine Warning: x-for templates require a single root element, additional elements will be ignored. JSHandle@node @ http://localhost:8080/vendor/alpinejs-3.15.11.min.js:4
[ 4474636ms] [ERROR] Failed to load resource: the server responded with a status of 404 (File not found) @ http://localhost:8080/favicon.ico:0
[ 4476299ms] [WARNING] Alpine Warning: x-for templates require a single root element, additional elements will be ignored. JSHandle@node @ http://localhost:8080/vendor/alpinejs-3.15.11.min.js:4
